MPLINK 4.49, Linker
Linker Map File - Created Fri Nov 27 19:43:35 2020

                                 Section Info
                  Section       Type    Address   Location Size(Bytes)
                ---------  ---------  ---------  ---------  ---------
                   .org_0       code   0x000000    program   0x000000
                   .org_1       code   0x000000    program   0x000004
                   .org_2       code   0x000008    program   0x000002
                   .org_3       code   0x000018    program   0x0006f0



                              Program Memory Usage 
                               Start         End      
                           ---------   ---------      
                            0x000000    0x000003      
                            0x000008    0x000009      
                            0x000018    0x000707      
            1782 out of 33048 program addresses used, program memory utilization is 5%



                              Symbols - Sorted by Name
                     Name    Address   Location    Storage File                     
                ---------  ---------  ---------  --------- ---------                
                   again1   0x00001e    program     static C:\Users\Harriey\School Works\Midterm\midterm.asm
                   again2   0x000022    program     static C:\Users\Harriey\School Works\Midterm\midterm.asm
                   again3   0x000052    program     static C:\Users\Harriey\School Works\Midterm\midterm.asm
                   again4   0x000056    program     static C:\Users\Harriey\School Works\Midterm\midterm.asm
                   again5   0x000252    program     static C:\Users\Harriey\School Works\Midterm\midterm.asm
                   again6   0x000256    program     static C:\Users\Harriey\School Works\Midterm\midterm.asm
                    check   0x000614    program     static C:\Users\Harriey\School Works\Midterm\midterm.asm
                   check2   0x000622    program     static C:\Users\Harriey\School Works\Midterm\midterm.asm
                  checkn1   0x000630    program     static C:\Users\Harriey\School Works\Midterm\midterm.asm
                 checkn10   0x0006d2    program     static C:\Users\Harriey\School Works\Midterm\midterm.asm
                 checkn11   0x0006e4    program     static C:\Users\Harriey\School Works\Midterm\midterm.asm
                 checkn12   0x0006f6    program     static C:\Users\Harriey\School Works\Midterm\midterm.asm
                  checkn2   0x000642    program     static C:\Users\Harriey\School Works\Midterm\midterm.asm
                  checkn3   0x000654    program     static C:\Users\Harriey\School Works\Midterm\midterm.asm
                  checkn4   0x000666    program     static C:\Users\Harriey\School Works\Midterm\midterm.asm
                  checkn5   0x000678    program     static C:\Users\Harriey\School Works\Midterm\midterm.asm
                  checkn6   0x00068a    program     static C:\Users\Harriey\School Works\Midterm\midterm.asm
                  checkn7   0x00069c    program     static C:\Users\Harriey\School Works\Midterm\midterm.asm
                  checkn8   0x0006ae    program     static C:\Users\Harriey\School Works\Midterm\midterm.asm
                  checkn9   0x0006c0    program     static C:\Users\Harriey\School Works\Midterm\midterm.asm
                    delay   0x00001a    program     static C:\Users\Harriey\School Works\Midterm\midterm.asm
                   delay1   0x00004e    program     static C:\Users\Harriey\School Works\Midterm\midterm.asm
                   delay2   0x00024e    program     static C:\Users\Harriey\School Works\Midterm\midterm.asm
                  lcd_clr   0x00046a    program     static C:\Users\Harriey\School Works\Midterm\midterm.asm
                    line2   0x000474    program     static C:\Users\Harriey\School Works\Midterm\midterm.asm
                     name   0x00047e    program     static C:\Users\Harriey\School Works\Midterm\midterm.asm
                    numid   0x0004bc    program     static C:\Users\Harriey\School Works\Midterm\midterm.asm
                   setupA   0x0005d2    program     static C:\Users\Harriey\School Works\Midterm\midterm.asm
                   setupB   0x0005dc    program     static C:\Users\Harriey\School Works\Midterm\midterm.asm
                   setupC   0x0005e6    program     static C:\Users\Harriey\School Works\Midterm\midterm.asm
                   setupD   0x0005f0    program     static C:\Users\Harriey\School Works\Midterm\midterm.asm
                    show#   0x0005c0    program     static C:\Users\Harriey\School Works\Midterm\midterm.asm
                    show0   0x0005ae    program     static C:\Users\Harriey\School Works\Midterm\midterm.asm
                    show1   0x0004fa    program     static C:\Users\Harriey\School Works\Midterm\midterm.asm
                    show2   0x00050c    program     static C:\Users\Harriey\School Works\Midterm\midterm.asm
                    show3   0x00051e    program     static C:\Users\Harriey\School Works\Midterm\midterm.asm
                    show4   0x000530    program     static C:\Users\Harriey\School Works\Midterm\midterm.asm
                    show5   0x000542    program     static C:\Users\Harriey\School Works\Midterm\midterm.asm
                    show6   0x000554    program     static C:\Users\Harriey\School Works\Midterm\midterm.asm
                    show7   0x000566    program     static C:\Users\Harriey\School Works\Midterm\midterm.asm
                    show8   0x000578    program     static C:\Users\Harriey\School Works\Midterm\midterm.asm
                    show9   0x00058a    program     static C:\Users\Harriey\School Works\Midterm\midterm.asm
                   showSt   0x00059c    program     static C:\Users\Harriey\School Works\Midterm\midterm.asm
                    start   0x0005fa    program     static C:\Users\Harriey\School Works\Midterm\midterm.asm
                     wcmd   0x00044e    program     static C:\Users\Harriey\School Works\Midterm\midterm.asm
                    wdata   0x00045c    program     static C:\Users\Harriey\School Works\Midterm\midterm.asm



                              Symbols - Sorted by Address
                     Name    Address   Location    Storage File                     
                ---------  ---------  ---------  --------- ---------                
                    delay   0x00001a    program     static C:\Users\Harriey\School Works\Midterm\midterm.asm
                   again1   0x00001e    program     static C:\Users\Harriey\School Works\Midterm\midterm.asm
                   again2   0x000022    program     static C:\Users\Harriey\School Works\Midterm\midterm.asm
                   delay1   0x00004e    program     static C:\Users\Harriey\School Works\Midterm\midterm.asm
                   again3   0x000052    program     static C:\Users\Harriey\School Works\Midterm\midterm.asm
                   again4   0x000056    program     static C:\Users\Harriey\School Works\Midterm\midterm.asm
                   delay2   0x00024e    program     static C:\Users\Harriey\School Works\Midterm\midterm.asm
                   again5   0x000252    program     static C:\Users\Harriey\School Works\Midterm\midterm.asm
                   again6   0x000256    program     static C:\Users\Harriey\School Works\Midterm\midterm.asm
                     wcmd   0x00044e    program     static C:\Users\Harriey\School Works\Midterm\midterm.asm
                    wdata   0x00045c    program     static C:\Users\Harriey\School Works\Midterm\midterm.asm
                  lcd_clr   0x00046a    program     static C:\Users\Harriey\School Works\Midterm\midterm.asm
                    line2   0x000474    program     static C:\Users\Harriey\School Works\Midterm\midterm.asm
                     name   0x00047e    program     static C:\Users\Harriey\School Works\Midterm\midterm.asm
                    numid   0x0004bc    program     static C:\Users\Harriey\School Works\Midterm\midterm.asm
                    show1   0x0004fa    program     static C:\Users\Harriey\School Works\Midterm\midterm.asm
                    show2   0x00050c    program     static C:\Users\Harriey\School Works\Midterm\midterm.asm
                    show3   0x00051e    program     static C:\Users\Harriey\School Works\Midterm\midterm.asm
                    show4   0x000530    program     static C:\Users\Harriey\School Works\Midterm\midterm.asm
                    show5   0x000542    program     static C:\Users\Harriey\School Works\Midterm\midterm.asm
                    show6   0x000554    program     static C:\Users\Harriey\School Works\Midterm\midterm.asm
                    show7   0x000566    program     static C:\Users\Harriey\School Works\Midterm\midterm.asm
                    show8   0x000578    program     static C:\Users\Harriey\School Works\Midterm\midterm.asm
                    show9   0x00058a    program     static C:\Users\Harriey\School Works\Midterm\midterm.asm
                   showSt   0x00059c    program     static C:\Users\Harriey\School Works\Midterm\midterm.asm
                    show0   0x0005ae    program     static C:\Users\Harriey\School Works\Midterm\midterm.asm
                    show#   0x0005c0    program     static C:\Users\Harriey\School Works\Midterm\midterm.asm
                   setupA   0x0005d2    program     static C:\Users\Harriey\School Works\Midterm\midterm.asm
                   setupB   0x0005dc    program     static C:\Users\Harriey\School Works\Midterm\midterm.asm
                   setupC   0x0005e6    program     static C:\Users\Harriey\School Works\Midterm\midterm.asm
                   setupD   0x0005f0    program     static C:\Users\Harriey\School Works\Midterm\midterm.asm
                    start   0x0005fa    program     static C:\Users\Harriey\School Works\Midterm\midterm.asm
                    check   0x000614    program     static C:\Users\Harriey\School Works\Midterm\midterm.asm
                   check2   0x000622    program     static C:\Users\Harriey\School Works\Midterm\midterm.asm
                  checkn1   0x000630    program     static C:\Users\Harriey\School Works\Midterm\midterm.asm
                  checkn2   0x000642    program     static C:\Users\Harriey\School Works\Midterm\midterm.asm
                  checkn3   0x000654    program     static C:\Users\Harriey\School Works\Midterm\midterm.asm
                  checkn4   0x000666    program     static C:\Users\Harriey\School Works\Midterm\midterm.asm
                  checkn5   0x000678    program     static C:\Users\Harriey\School Works\Midterm\midterm.asm
                  checkn6   0x00068a    program     static C:\Users\Harriey\School Works\Midterm\midterm.asm
                  checkn7   0x00069c    program     static C:\Users\Harriey\School Works\Midterm\midterm.asm
                  checkn8   0x0006ae    program     static C:\Users\Harriey\School Works\Midterm\midterm.asm
                  checkn9   0x0006c0    program     static C:\Users\Harriey\School Works\Midterm\midterm.asm
                 checkn10   0x0006d2    program     static C:\Users\Harriey\School Works\Midterm\midterm.asm
                 checkn11   0x0006e4    program     static C:\Users\Harriey\School Works\Midterm\midterm.asm
                 checkn12   0x0006f6    program     static C:\Users\Harriey\School Works\Midterm\midterm.asm


